// Vitest Snapshot v1, https://vitest.dev/guide/snapshot.html

exports[`bm25 1`] = `3.2792079793859643`;
